// Jest Snapshot v1, https://goo.gl/fbAQLP

exports[`DashBoard DashBoard_SnapShot_ToBeMatch 1`] = `ShallowWrapper {}`;

exports[`DashBord DashBord_SnapShot_ToBeMatch 1`] = `ShallowWrapper {}`;
